// Jest Snapshot v1, https://goo.gl/fbAQLP

exports[`Dropzone component  matches snapshot 1`] = `
<div
  className="dropzone"
  onBlur={[Function]}
  onClick={[Function]}
  onDragEnter={[Function]}
  onDragLeave={[Function]}
  onDragOver={[Function]}
  onDrop={[Function]}
  onFocus={[Function]}
  onKeyDown={[Function]}
  tabIndex={0}
>
  <input
    accept=".jpeg, .png, .mpeg, .wav, .mp4, .webm, .mp3"
    autoComplete="off"
    multiple={true}
    onChange={[Function]}
    onClick={[Function]}
    style={
      Object {
        "display": "none",
      }
    }
    tabIndex={-1}
    type="file"
  />
  <p>
    Drag and drop some files here, or click to select files
  </p>
</div>
`;
