// Jest Snapshot v1, https://goo.gl/fbAQLP

exports[`Preview status component  matches snapshot 1`] = `
<div
  className="preview__status"
/>
`;
