// Jest Snapshot v1, https://goo.gl/fbAQLP

exports[`Preview name component  matches snapshot 1`] = `
<div
  className="preview__name"
>
  test image
</div>
`;
